// Jest Snapshot v1, https://goo.gl/fbAQLP

exports[`root should match snapshots 1`] = `<App />`;
