// Jest Snapshot v1, https://goo.gl/fbAQLP

exports[`book should match snapshots 1`] = `
<h1>
  BOOKS
</h1>
`;
